2025-12-22 17:59:11 | INFO | === EXPERIMENT STARTED ===
2025-12-22 17:59:11 | INFO | Device: cpu
2025-12-22 17:59:11 | INFO | Train sentences: 350
2025-12-22 17:59:11 | INFO | Valid sentences: 100
2025-12-22 17:59:11 | INFO | Vocabulary size: 265
2025-12-22 17:59:11 | INFO | Tag size: 10
2025-12-22 17:59:13 | INFO | Epoch 1/20 | Train Loss: 12.4585 | Val F1: 0.2648
2025-12-22 17:59:13 | INFO | >> Best model updated
2025-12-22 17:59:14 | INFO | Epoch 2/20 | Train Loss: 7.4488 | Val F1: 0.6183
2025-12-22 17:59:14 | INFO | >> Best model updated
2025-12-22 17:59:15 | INFO | Epoch 3/20 | Train Loss: 4.2874 | Val F1: 0.7220
2025-12-22 17:59:15 | INFO | >> Best model updated
2025-12-22 17:59:16 | INFO | Epoch 4/20 | Train Loss: 2.5640 | Val F1: 0.7558
2025-12-22 17:59:16 | INFO | >> Best model updated
2025-12-22 17:59:17 | INFO | Epoch 5/20 | Train Loss: 1.7675 | Val F1: 0.7721
2025-12-22 17:59:17 | INFO | >> Best model updated
2025-12-22 17:59:17 | INFO | Epoch 6/20 | Train Loss: 1.3335 | Val F1: 0.7734
2025-12-22 17:59:17 | INFO | >> Best model updated
2025-12-22 17:59:18 | INFO | Epoch 7/20 | Train Loss: 1.0337 | Val F1: 0.8850
2025-12-22 17:59:18 | INFO | >> Best model updated
2025-12-22 17:59:19 | INFO | Epoch 8/20 | Train Loss: 0.8248 | Val F1: 0.8851
2025-12-22 17:59:19 | INFO | >> Best model updated
2025-12-22 17:59:20 | INFO | Epoch 9/20 | Train Loss: 0.6592 | Val F1: 0.8881
2025-12-22 17:59:20 | INFO | >> Best model updated
2025-12-22 17:59:21 | INFO | Epoch 10/20 | Train Loss: 0.5382 | Val F1: 0.8852
2025-12-22 17:59:22 | INFO | Epoch 11/20 | Train Loss: 0.4311 | Val F1: 0.8860
2025-12-22 17:59:23 | INFO | Epoch 12/20 | Train Loss: 0.3571 | Val F1: 0.8944
2025-12-22 17:59:23 | INFO | >> Best model updated
2025-12-22 17:59:24 | INFO | Epoch 13/20 | Train Loss: 0.2904 | Val F1: 0.8944
2025-12-22 17:59:25 | INFO | Epoch 14/20 | Train Loss: 0.2424 | Val F1: 0.8960
2025-12-22 17:59:25 | INFO | >> Best model updated
2025-12-22 17:59:26 | INFO | Epoch 15/20 | Train Loss: 0.2029 | Val F1: 0.8961
2025-12-22 17:59:26 | INFO | >> Best model updated
2025-12-22 17:59:27 | INFO | Epoch 16/20 | Train Loss: 0.1752 | Val F1: 0.8974
2025-12-22 17:59:27 | INFO | >> Best model updated
2025-12-22 17:59:28 | INFO | Epoch 17/20 | Train Loss: 0.1480 | Val F1: 0.8974
2025-12-22 17:59:29 | INFO | Epoch 18/20 | Train Loss: 0.1297 | Val F1: 0.8968
2025-12-22 17:59:30 | INFO | Epoch 19/20 | Train Loss: 0.1134 | Val F1: 0.9037
2025-12-22 17:59:30 | INFO | >> Best model updated
2025-12-22 17:59:30 | INFO | Epoch 20/20 | Train Loss: 0.0970 | Val F1: 0.8952
2025-12-22 17:59:30 | INFO | === TRAINING FINISHED ===
2025-12-22 17:59:30 | INFO | Best Validation F1: 0.9037
2025-12-22 18:38:46 | INFO | === EXPERIMENT STARTED ===
2025-12-22 18:38:46 | INFO | Device: cpu
2025-12-22 18:38:46 | INFO | Train sentences: 350
2025-12-22 18:38:46 | INFO | Valid sentences: 100
2025-12-22 18:38:46 | INFO | === METHODOLOGY EXAMPLES START ===
2025-12-22 18:38:46 | INFO | === Preprocessing Example ===
2025-12-22 18:38:46 | INFO | Original     : Machine Learning diajarkan di ITB!
2025-12-22 18:38:46 | INFO | Case folding : machine learning diajarkan di itb!
2025-12-22 18:38:46 | INFO | Tokenized    : ['machine', 'learning', 'diajarkan', 'di', 'itb']
2025-12-22 18:38:46 | INFO | === BIO Labeling Example ===
2025-12-22 18:38:46 | INFO | machine      -> B-TOPIC
2025-12-22 18:38:46 | INFO | learning     -> I-TOPIC
2025-12-22 18:38:46 | INFO | diajarkan    -> O
2025-12-22 18:38:46 | INFO | di           -> O
2025-12-22 18:38:46 | INFO | itb          -> B-ORG
2025-12-22 18:38:46 | INFO | === Encoding & Padding Example ===
2025-12-22 18:38:46 | INFO | Tokens  : ['machine', 'learning', 'diajarkan', 'di', 'itb']
2025-12-22 18:38:46 | INFO | Encoded : [1, 1, 1, 76, 1]
2025-12-22 18:38:46 | INFO | Padded  : [1, 1, 1, 76, 1, 0, 0, 0, 0, 0]
2025-12-22 18:38:46 | INFO | === METHODOLOGY EXAMPLES END ===
2025-12-22 18:38:46 | INFO | Vocabulary size: 265
2025-12-22 18:38:46 | INFO | Tag size: 10
2025-12-22 18:38:47 | INFO | Epoch 1/20 | Train Loss: 12.4585 | Val F1: 0.2648
2025-12-22 18:38:47 | INFO | >> Best model updated
2025-12-22 18:38:48 | INFO | Epoch 2/20 | Train Loss: 7.4488 | Val F1: 0.6183
2025-12-22 18:38:48 | INFO | >> Best model updated
2025-12-22 18:38:49 | INFO | Epoch 3/20 | Train Loss: 4.2874 | Val F1: 0.7220
2025-12-22 18:38:49 | INFO | >> Best model updated
2025-12-22 18:38:50 | INFO | Epoch 4/20 | Train Loss: 2.5640 | Val F1: 0.7558
2025-12-22 18:38:50 | INFO | >> Best model updated
2025-12-22 18:38:51 | INFO | Epoch 5/20 | Train Loss: 1.7675 | Val F1: 0.7721
2025-12-22 18:38:51 | INFO | >> Best model updated
2025-12-22 18:38:52 | INFO | Epoch 6/20 | Train Loss: 1.3335 | Val F1: 0.7734
2025-12-22 18:38:52 | INFO | >> Best model updated
2025-12-22 18:38:54 | INFO | Epoch 7/20 | Train Loss: 1.0337 | Val F1: 0.8850
2025-12-22 18:38:54 | INFO | >> Best model updated
2025-12-22 18:38:55 | INFO | Epoch 8/20 | Train Loss: 0.8248 | Val F1: 0.8851
2025-12-22 18:38:55 | INFO | >> Best model updated
2025-12-22 18:38:55 | INFO | Epoch 9/20 | Train Loss: 0.6592 | Val F1: 0.8881
2025-12-22 18:38:55 | INFO | >> Best model updated
2025-12-22 18:38:56 | INFO | Epoch 10/20 | Train Loss: 0.5382 | Val F1: 0.8852
2025-12-22 18:38:57 | INFO | Epoch 11/20 | Train Loss: 0.4311 | Val F1: 0.8860
2025-12-22 18:38:58 | INFO | Epoch 12/20 | Train Loss: 0.3571 | Val F1: 0.8944
2025-12-22 18:38:58 | INFO | >> Best model updated
2025-12-22 18:38:59 | INFO | Epoch 13/20 | Train Loss: 0.2904 | Val F1: 0.8944
2025-12-22 18:39:00 | INFO | Epoch 14/20 | Train Loss: 0.2424 | Val F1: 0.8960
2025-12-22 18:39:00 | INFO | >> Best model updated
2025-12-22 18:39:01 | INFO | Epoch 15/20 | Train Loss: 0.2029 | Val F1: 0.8961
2025-12-22 18:39:01 | INFO | >> Best model updated
2025-12-22 18:39:02 | INFO | Epoch 16/20 | Train Loss: 0.1752 | Val F1: 0.8974
2025-12-22 18:39:02 | INFO | >> Best model updated
2025-12-22 18:39:03 | INFO | Epoch 17/20 | Train Loss: 0.1480 | Val F1: 0.8974
2025-12-22 18:39:04 | INFO | Epoch 18/20 | Train Loss: 0.1297 | Val F1: 0.8968
2025-12-22 18:39:05 | INFO | Epoch 19/20 | Train Loss: 0.1134 | Val F1: 0.9037
2025-12-22 18:39:05 | INFO | >> Best model updated
2025-12-22 18:39:06 | INFO | Epoch 20/20 | Train Loss: 0.0970 | Val F1: 0.8952
2025-12-22 18:39:06 | INFO | === TRAINING FINISHED ===
2025-12-22 18:39:06 | INFO | Best Validation F1: 0.9037
2025-12-22 18:42:02 | INFO | === EXPERIMENT STARTED ===
2025-12-22 18:42:02 | INFO | Device: cpu
2025-12-22 18:42:02 | INFO | Train sentences: 350
2025-12-22 18:42:02 | INFO | Valid sentences: 100
2025-12-22 18:42:02 | INFO | === METHODOLOGY EXAMPLES START ===
2025-12-22 18:42:02 | INFO | === Preprocessing Example ===
2025-12-22 18:42:02 | INFO | Original     : Daun menguning dan mengering akibat blas.
2025-12-22 18:42:02 | INFO | Case folding : daun menguning dan mengering akibat blas.
2025-12-22 18:42:02 | INFO | Tokenized    : ['daun', 'menguning', 'dan', 'mengering', 'akibat', 'blas']
2025-12-22 18:42:02 | INFO | === BIO Labeling Example ===
2025-12-22 18:42:02 | INFO | daun         -> B-BAGIAN_TANAMAN
2025-12-22 18:42:02 | INFO | menguning    -> B-GEJALA
2025-12-22 18:42:02 | INFO | dan          -> O
2025-12-22 18:42:02 | INFO | mengering    -> B-GEJALA
2025-12-22 18:42:02 | INFO | akibat       -> O
2025-12-22 18:42:02 | INFO | blas         -> B-PENYAKIT
2025-12-22 18:42:02 | INFO | .            -> O
2025-12-22 18:42:02 | INFO | === Encoding & Padding Example ===
2025-12-22 18:42:02 | INFO | Tokens  : ['daun', 'menguning', 'dan', 'mengering', 'akibat', 'blas', '.']
2025-12-22 18:42:02 | INFO | Encoded : [11, 41, 108, 44, 7, 40, 10]
2025-12-22 18:42:02 | INFO | Padded  : [11, 41, 108, 44, 7, 40, 10, 0, 0, 0]
2025-12-22 18:42:02 | INFO | === METHODOLOGY EXAMPLES END ===
2025-12-22 18:42:02 | INFO | Vocabulary size: 265
2025-12-22 18:42:02 | INFO | Tag size: 10
2025-12-22 18:42:04 | INFO | Epoch 1/20 | Train Loss: 12.4585 | Val F1: 0.2648
2025-12-22 18:42:04 | INFO | >> Best model updated
2025-12-22 18:42:05 | INFO | Epoch 2/20 | Train Loss: 7.4488 | Val F1: 0.6183
2025-12-22 18:42:05 | INFO | >> Best model updated
2025-12-22 18:42:06 | INFO | Epoch 3/20 | Train Loss: 4.2874 | Val F1: 0.7220
2025-12-22 18:42:06 | INFO | >> Best model updated
2025-12-22 18:42:07 | INFO | Epoch 4/20 | Train Loss: 2.5640 | Val F1: 0.7558
2025-12-22 18:42:07 | INFO | >> Best model updated
2025-12-22 18:42:08 | INFO | Epoch 5/20 | Train Loss: 1.7675 | Val F1: 0.7721
2025-12-22 18:42:08 | INFO | >> Best model updated
2025-12-22 18:42:09 | INFO | Epoch 6/20 | Train Loss: 1.3335 | Val F1: 0.7734
2025-12-22 18:42:09 | INFO | >> Best model updated
2025-12-22 18:42:10 | INFO | Epoch 7/20 | Train Loss: 1.0337 | Val F1: 0.8850
2025-12-22 18:42:10 | INFO | >> Best model updated
2025-12-22 18:42:11 | INFO | Epoch 8/20 | Train Loss: 0.8248 | Val F1: 0.8851
2025-12-22 18:42:11 | INFO | >> Best model updated
2025-12-22 18:42:12 | INFO | Epoch 9/20 | Train Loss: 0.6592 | Val F1: 0.8881
2025-12-22 18:42:12 | INFO | >> Best model updated
2025-12-22 18:42:13 | INFO | Epoch 10/20 | Train Loss: 0.5382 | Val F1: 0.8852
2025-12-22 18:42:14 | INFO | Epoch 11/20 | Train Loss: 0.4311 | Val F1: 0.8860
2025-12-22 18:42:15 | INFO | Epoch 12/20 | Train Loss: 0.3571 | Val F1: 0.8944
2025-12-22 18:42:15 | INFO | >> Best model updated
2025-12-22 18:42:16 | INFO | Epoch 13/20 | Train Loss: 0.2904 | Val F1: 0.8944
2025-12-22 18:42:17 | INFO | Epoch 14/20 | Train Loss: 0.2424 | Val F1: 0.8960
2025-12-22 18:42:17 | INFO | >> Best model updated
2025-12-22 18:42:18 | INFO | Epoch 15/20 | Train Loss: 0.2029 | Val F1: 0.8961
2025-12-22 18:42:18 | INFO | >> Best model updated
2025-12-22 18:42:19 | INFO | Epoch 16/20 | Train Loss: 0.1752 | Val F1: 0.8974
2025-12-22 18:42:19 | INFO | >> Best model updated
2025-12-22 18:42:20 | INFO | Epoch 17/20 | Train Loss: 0.1480 | Val F1: 0.8974
2025-12-22 18:42:21 | INFO | Epoch 18/20 | Train Loss: 0.1297 | Val F1: 0.8968
2025-12-22 18:42:22 | INFO | Epoch 19/20 | Train Loss: 0.1134 | Val F1: 0.9037
2025-12-22 18:42:22 | INFO | >> Best model updated
2025-12-22 18:42:23 | INFO | Epoch 20/20 | Train Loss: 0.0970 | Val F1: 0.8952
2025-12-22 18:42:23 | INFO | === TRAINING FINISHED ===
2025-12-22 18:42:23 | INFO | Best Validation F1: 0.9037
2025-12-22 20:08:54 | INFO | === EXPERIMENT STARTED ===
2025-12-22 20:08:54 | INFO | Device: cpu
2025-12-22 20:08:54 | INFO | Train sentences: 350
2025-12-22 20:08:54 | INFO | Valid sentences: 100
2025-12-22 20:08:54 | INFO | === METHODOLOGY EXAMPLES START ===
2025-12-22 20:08:54 | INFO | === Preprocessing Example ===
2025-12-22 20:08:54 | INFO | Original     : Daun menguning dan mengering akibat blas.
2025-12-22 20:08:54 | INFO | Case folding : daun menguning dan mengering akibat blas.
2025-12-22 20:08:54 | INFO | Tokenized    : ['daun', 'menguning', 'dan', 'mengering', 'akibat', 'blas']
2025-12-22 20:08:54 | INFO | === BIO Labeling Example ===
2025-12-22 20:08:54 | INFO | daun         -> B-BAGIAN_TANAMAN
2025-12-22 20:08:54 | INFO | menguning    -> B-GEJALA
2025-12-22 20:08:54 | INFO | dan          -> O
2025-12-22 20:08:54 | INFO | mengering    -> B-GEJALA
2025-12-22 20:08:54 | INFO | akibat       -> O
2025-12-22 20:08:54 | INFO | blas         -> B-PENYAKIT
2025-12-22 20:08:54 | INFO | .            -> O
2025-12-22 20:08:54 | INFO | === Encoding & Padding Example ===
2025-12-22 20:08:54 | INFO | Tokens  : ['daun', 'menguning', 'dan', 'mengering', 'akibat', 'blas', '.']
2025-12-22 20:08:54 | INFO | Encoded : [11, 41, 108, 44, 7, 40, 1]
2025-12-22 20:08:54 | INFO | Padded  : [11, 41, 108, 44, 7, 40, 1, 0, 0, 0]
2025-12-22 20:08:54 | INFO | === METHODOLOGY EXAMPLES END ===
2025-12-22 20:08:54 | INFO | Vocabulary size: 263
2025-12-22 20:08:54 | INFO | Tag size: 10
2025-12-22 20:08:56 | INFO | Epoch 1/20 | Train Loss: 11.6182 | Val F1: 0.2246
2025-12-22 20:08:56 | INFO | >> Best model updated
2025-12-22 20:08:57 | INFO | Epoch 2/20 | Train Loss: 6.9805 | Val F1: 0.6424
2025-12-22 20:08:57 | INFO | >> Best model updated
2025-12-22 20:08:58 | INFO | Epoch 3/20 | Train Loss: 3.8497 | Val F1: 0.7296
2025-12-22 20:08:58 | INFO | >> Best model updated
2025-12-22 20:08:59 | INFO | Epoch 4/20 | Train Loss: 2.2714 | Val F1: 0.7591
2025-12-22 20:08:59 | INFO | >> Best model updated
2025-12-22 20:09:00 | INFO | Epoch 5/20 | Train Loss: 1.5806 | Val F1: 0.7727
2025-12-22 20:09:00 | INFO | >> Best model updated
2025-12-22 20:09:01 | INFO | Epoch 6/20 | Train Loss: 1.1918 | Val F1: 0.8896
2025-12-22 20:09:01 | INFO | >> Best model updated
2025-12-22 20:09:02 | INFO | Epoch 7/20 | Train Loss: 0.9303 | Val F1: 0.9021
2025-12-22 20:09:02 | INFO | >> Best model updated
2025-12-22 20:09:03 | INFO | Epoch 8/20 | Train Loss: 0.7322 | Val F1: 0.8997
2025-12-22 20:09:04 | INFO | Epoch 9/20 | Train Loss: 0.5857 | Val F1: 0.8958
2025-12-22 20:09:05 | INFO | Epoch 10/20 | Train Loss: 0.4625 | Val F1: 0.8975
2025-12-22 20:09:06 | INFO | Epoch 11/20 | Train Loss: 0.3707 | Val F1: 0.9153
2025-12-22 20:09:06 | INFO | >> Best model updated
2025-12-22 20:09:07 | INFO | Epoch 12/20 | Train Loss: 0.2962 | Val F1: 0.9146
2025-12-22 20:09:08 | INFO | Epoch 13/20 | Train Loss: 0.2414 | Val F1: 0.9072
2025-12-22 20:09:09 | INFO | Epoch 14/20 | Train Loss: 0.2027 | Val F1: 0.9115
2025-12-22 20:09:10 | INFO | Epoch 15/20 | Train Loss: 0.1745 | Val F1: 0.9097
2025-12-22 20:09:10 | INFO | Epoch 16/20 | Train Loss: 0.1456 | Val F1: 0.9194
2025-12-22 20:09:10 | INFO | >> Best model updated
2025-12-22 20:09:11 | INFO | Epoch 17/20 | Train Loss: 0.1198 | Val F1: 0.9187
2025-12-22 20:09:12 | INFO | Epoch 18/20 | Train Loss: 0.1060 | Val F1: 0.9086
2025-12-22 20:09:13 | INFO | Epoch 19/20 | Train Loss: 0.0988 | Val F1: 0.9104
2025-12-22 20:09:14 | INFO | Epoch 20/20 | Train Loss: 0.0800 | Val F1: 0.9176
2025-12-22 20:09:14 | INFO | === TRAINING FINISHED ===
2025-12-22 20:09:14 | INFO | Best Validation F1: 0.9194
2025-12-30 20:32:23 | INFO | === EXPERIMENT STARTED ===
2025-12-30 20:32:23 | INFO | Device: cpu
2025-12-30 20:32:23 | INFO | Train sentences: 350
2025-12-30 20:32:23 | INFO | Valid sentences: 100
2025-12-30 20:32:23 | INFO | === METHODOLOGY EXAMPLES START ===
2025-12-30 20:32:23 | INFO | === Preprocessing Example ===
2025-12-30 20:32:23 | INFO | Original     : Daun menguning dan mengering akibat blas.
2025-12-30 20:32:23 | INFO | Case folding : daun menguning dan mengering akibat blas.
2025-12-30 20:32:23 | INFO | Tokenized    : ['daun', 'menguning', 'dan', 'mengering', 'akibat', 'blas']
2025-12-30 20:32:23 | INFO | === BIO Labeling Example ===
2025-12-30 20:32:23 | INFO | daun         -> B-BAGIAN_TANAMAN
2025-12-30 20:32:23 | INFO | menguning    -> B-GEJALA
2025-12-30 20:32:23 | INFO | dan          -> O
2025-12-30 20:32:23 | INFO | mengering    -> B-GEJALA
2025-12-30 20:32:23 | INFO | akibat       -> O
2025-12-30 20:32:23 | INFO | blas         -> B-PENYAKIT
2025-12-30 20:32:23 | INFO | .            -> O
2025-12-30 20:32:23 | INFO | === Encoding & Padding Example ===
2025-12-30 20:32:23 | INFO | Tokens  : ['daun', 'menguning', 'dan', 'mengering', 'akibat', 'blas', '.']
2025-12-30 20:32:23 | INFO | Encoded : [11, 41, 108, 44, 7, 40, 1]
2025-12-30 20:32:23 | INFO | Padded  : [11, 41, 108, 44, 7, 40, 1, 0, 0, 0]
2025-12-30 20:32:23 | INFO | === METHODOLOGY EXAMPLES END ===
2025-12-30 20:32:23 | INFO | Vocabulary size: 263
2025-12-30 20:32:23 | INFO | Tag size: 10
2025-12-30 20:32:25 | INFO | Epoch 1/20 | Train Loss: 11.6182 | Val F1: 0.2246
2025-12-30 20:32:25 | INFO | >> Best model updated
2025-12-30 20:32:26 | INFO | Epoch 2/20 | Train Loss: 6.9805 | Val F1: 0.6424
2025-12-30 20:32:26 | INFO | >> Best model updated
2025-12-30 20:32:27 | INFO | Epoch 3/20 | Train Loss: 3.8497 | Val F1: 0.7296
2025-12-30 20:32:27 | INFO | >> Best model updated
2025-12-30 20:32:28 | INFO | Epoch 4/20 | Train Loss: 2.2714 | Val F1: 0.7591
2025-12-30 20:32:28 | INFO | >> Best model updated
2025-12-30 20:32:29 | INFO | Epoch 5/20 | Train Loss: 1.5806 | Val F1: 0.7727
2025-12-30 20:32:29 | INFO | >> Best model updated
2025-12-30 20:32:30 | INFO | Epoch 6/20 | Train Loss: 1.1918 | Val F1: 0.8896
2025-12-30 20:32:30 | INFO | >> Best model updated
2025-12-30 20:32:31 | INFO | Epoch 7/20 | Train Loss: 0.9303 | Val F1: 0.9021
2025-12-30 20:32:31 | INFO | >> Best model updated
2025-12-30 20:32:32 | INFO | Epoch 8/20 | Train Loss: 0.7322 | Val F1: 0.8997
2025-12-30 20:32:33 | INFO | Epoch 9/20 | Train Loss: 0.5857 | Val F1: 0.8958
2025-12-30 20:32:34 | INFO | Epoch 10/20 | Train Loss: 0.4625 | Val F1: 0.8975
2025-12-30 20:32:35 | INFO | Epoch 11/20 | Train Loss: 0.3707 | Val F1: 0.9153
2025-12-30 20:32:35 | INFO | >> Best model updated
2025-12-30 20:32:36 | INFO | Epoch 12/20 | Train Loss: 0.2962 | Val F1: 0.9146
2025-12-30 20:32:37 | INFO | Epoch 13/20 | Train Loss: 0.2414 | Val F1: 0.9072
2025-12-30 20:32:38 | INFO | Epoch 14/20 | Train Loss: 0.2027 | Val F1: 0.9115
2025-12-30 20:32:39 | INFO | Epoch 15/20 | Train Loss: 0.1745 | Val F1: 0.9097
2025-12-30 20:32:40 | INFO | Epoch 16/20 | Train Loss: 0.1456 | Val F1: 0.9194
2025-12-30 20:32:40 | INFO | >> Best model updated
2025-12-30 20:32:41 | INFO | Epoch 17/20 | Train Loss: 0.1198 | Val F1: 0.9187
2025-12-30 20:32:42 | INFO | Epoch 18/20 | Train Loss: 0.1060 | Val F1: 0.9086
2025-12-30 20:32:43 | INFO | Epoch 19/20 | Train Loss: 0.0988 | Val F1: 0.9104
2025-12-30 20:32:44 | INFO | Epoch 20/20 | Train Loss: 0.0800 | Val F1: 0.9176
2025-12-30 20:32:44 | INFO | === TRAINING FINISHED ===
2025-12-30 20:32:44 | INFO | Best Validation F1: 0.9194
